// Jest Snapshot v1, https://goo.gl/fbAQLP

exports[`FileCardView should render correct background based on mediaType" 1`] = `
.c0 {
  box-shadow: 0 1px 1px rgba(9,30,66,0.2),0 0 1px 0 rgba(9,30,66,0.24);
  cursor: pointer;
  background: #fff;
  line-height: normal;
  position: relative;
  width: 100%;
  height: 100%;
}

.c0 border-radius:function borderRadius() {
  return: 3;
}

.c0::after {
  content: '';
  width: 100%;
  height: 100%;
  position: absolute;
  top: 0;
  box-sizing: border-box;
  pointer-events: none;
  border: 2px solid transparent;
}

.c0::after border-radius:function borderRadius() {
  return: 3;
}

.c0 .wrapper {
  background: transparent;
  display: block;
  height: inherit;
  position: relative;
}

.c0 .wrapper border-radius:function borderRadius() {
  return: 3;
}

.c0 .wrapper .img-wrapper {
  position: relative;
  width: inherit;
  height: inherit;
  display: block;
  overflow: hidden;
}

.c0 .wrapper .img-wrapper border-radius:function borderRadius() {
  return: 3;
}

.c0 .wrapper .img-wrapper img {
  position: absolute;
  left: 50%;
  top: 50%;
  -webkit-transform: translate(-50%,-50%);
  -ms-transform: translate(-50%,-50%);
  transform: translate(-50%,-50%);
  max-height: 100%;
  max-width: 100%;
  display: block;
}

<styled.div
  className="c0"
  mediaType="image"
/>
`;

exports[`FileCardView should render correct background based on mediaType" 2`] = `
.c0 {
  box-shadow: 0 1px 1px rgba(9,30,66,0.2),0 0 1px 0 rgba(9,30,66,0.24);
  cursor: pointer;
  background: #fff;
  line-height: normal;
  position: relative;
  width: 100%;
  height: 100%;
}

.c0 border-radius:function borderRadius() {
  return: 3;
}

.c0::after {
  content: '';
  width: 100%;
  height: 100%;
  position: absolute;
  top: 0;
  box-sizing: border-box;
  pointer-events: none;
  border: 2px solid transparent;
}

.c0::after border-radius:function borderRadius() {
  return: 3;
}

.c0 .wrapper {
  background: #F4F5F7;
  display: block;
  height: inherit;
  position: relative;
}

.c0 .wrapper border-radius:function borderRadius() {
  return: 3;
}

.c0 .wrapper .img-wrapper {
  position: relative;
  width: inherit;
  height: inherit;
  display: block;
  overflow: hidden;
}

.c0 .wrapper .img-wrapper border-radius:function borderRadius() {
  return: 3;
}

.c0 .wrapper .img-wrapper img {
  position: absolute;
  left: 50%;
  top: 50%;
  -webkit-transform: translate(-50%,-50%);
  -ms-transform: translate(-50%,-50%);
  transform: translate(-50%,-50%);
  max-height: 100%;
  max-width: 100%;
  display: block;
}

<styled.div
  className="c0"
/>
`;
