// Jest Snapshot v1, https://goo.gl/fbAQLP

exports[`JIRA wiki markup - Lists should be able to create nested list with - 1`] = `
Object {
  "content": Array [
    Object {
      "content": Array [
        Object {
          "content": Array [
            Object {
              "content": Array [
                Object {
                  "text": "different",
                  "type": "text",
                },
              ],
              "type": "paragraph",
            },
            Object {
              "content": Array [
                Object {
                  "content": Array [
                    Object {
                      "content": Array [
                        Object {
                          "text": "bullet",
                          "type": "text",
                        },
                      ],
                      "type": "paragraph",
                    },
                  ],
                  "type": "listItem",
                },
                Object {
                  "content": Array [
                    Object {
                      "content": Array [
                        Object {
                          "text": "types",
                          "type": "text",
                        },
                      ],
                      "type": "paragraph",
                    },
                  ],
                  "type": "listItem",
                },
              ],
              "type": "bulletList",
            },
          ],
          "type": "listItem",
        },
      ],
      "type": "bulletList",
    },
  ],
  "type": "doc",
}
`;

exports[`JIRA wiki markup - Lists should break out the media group 1`] = `
Object {
  "content": Array [
    Object {
      "content": Array [
        Object {
          "content": Array [
            Object {
              "content": Array [
                Object {
                  "text": "This is a media group ",
                  "type": "text",
                },
              ],
              "type": "paragraph",
            },
          ],
          "type": "listItem",
        },
      ],
      "type": "bulletList",
    },
    Object {
      "content": Array [
        Object {
          "attrs": Object {
            "__displayType": null,
            "__fileMimeType": null,
            "__fileName": null,
            "__fileSize": null,
            "__key": null,
            "collection": "",
            "height": null,
            "id": "file.pdf",
            "occurrenceKey": null,
            "type": "file",
            "url": null,
            "width": null,
          },
          "type": "media",
        },
      ],
      "type": "mediaGroup",
    },
    Object {
      "content": Array [
        Object {
          "content": Array [
            Object {
              "content": Array [
                Object {
                  "text": " and text after it",
                  "type": "text",
                },
              ],
              "type": "paragraph",
            },
          ],
          "type": "listItem",
        },
      ],
      "type": "bulletList",
    },
  ],
  "type": "doc",
}
`;

exports[`JIRA wiki markup - Lists should break out the media group even in nested list 1`] = `
Object {
  "content": Array [
    Object {
      "content": Array [
        Object {
          "content": Array [
            Object {
              "content": Array [
                Object {
                  "text": "nested",
                  "type": "text",
                },
              ],
              "type": "paragraph",
            },
            Object {
              "content": Array [
                Object {
                  "content": Array [
                    Object {
                      "content": Array [
                        Object {
                          "text": "media group ",
                          "type": "text",
                        },
                      ],
                      "type": "paragraph",
                    },
                  ],
                  "type": "listItem",
                },
              ],
              "type": "bulletList",
            },
          ],
          "type": "listItem",
        },
      ],
      "type": "bulletList",
    },
    Object {
      "content": Array [
        Object {
          "attrs": Object {
            "__displayType": null,
            "__fileMimeType": null,
            "__fileName": null,
            "__fileSize": null,
            "__key": null,
            "collection": "",
            "height": null,
            "id": "file.pdf",
            "occurrenceKey": null,
            "type": "file",
            "url": null,
            "width": null,
          },
          "type": "media",
        },
      ],
      "type": "mediaGroup",
    },
    Object {
      "content": Array [
        Object {
          "content": Array [
            Object {
              "type": "paragraph",
            },
            Object {
              "content": Array [
                Object {
                  "content": Array [
                    Object {
                      "content": Array [
                        Object {
                          "text": " here",
                          "type": "text",
                        },
                      ],
                      "type": "paragraph",
                    },
                  ],
                  "type": "listItem",
                },
                Object {
                  "content": Array [
                    Object {
                      "content": Array [
                        Object {
                          "text": "nice nice",
                          "type": "text",
                        },
                      ],
                      "type": "paragraph",
                    },
                  ],
                  "type": "listItem",
                },
              ],
              "type": "bulletList",
            },
          ],
          "type": "listItem",
        },
        Object {
          "content": Array [
            Object {
              "content": Array [
                Object {
                  "text": "all good",
                  "type": "text",
                },
              ],
              "type": "paragraph",
            },
          ],
          "type": "listItem",
        },
      ],
      "type": "bulletList",
    },
  ],
  "type": "doc",
}
`;

exports[`JIRA wiki markup - Lists should convert blockquotes into paragraphs 1`] = `
Object {
  "content": Array [
    Object {
      "content": Array [
        Object {
          "content": Array [
            Object {
              "content": Array [
                Object {
                  "text": "This is sparta",
                  "type": "text",
                },
              ],
              "type": "paragraph",
            },
          ],
          "type": "listItem",
        },
      ],
      "type": "bulletList",
    },
  ],
  "type": "doc",
}
`;

exports[`JIRA wiki markup - Lists should convert headings into paragraphs 1`] = `
Object {
  "content": Array [
    Object {
      "content": Array [
        Object {
          "content": Array [
            Object {
              "content": Array [
                Object {
                  "marks": Array [
                    Object {
                      "type": "strong",
                    },
                  ],
                  "text": "FOO",
                  "type": "text",
                },
              ],
              "type": "paragraph",
            },
          ],
          "type": "listItem",
        },
      ],
      "type": "bulletList",
    },
  ],
  "type": "doc",
}
`;

exports[`JIRA wiki markup - Lists should convert rules into paragraphs 1`] = `
Object {
  "content": Array [
    Object {
      "content": Array [
        Object {
          "content": Array [
            Object {
              "content": Array [
                Object {
                  "text": "----",
                  "type": "text",
                },
              ],
              "type": "paragraph",
            },
          ],
          "type": "listItem",
        },
      ],
      "type": "bulletList",
    },
  ],
  "type": "doc",
}
`;

exports[`JIRA wiki markup - Lists should find mixed ordered -> unordered lists 1`] = `
Object {
  "content": Array [
    Object {
      "content": Array [
        Object {
          "content": Array [
            Object {
              "content": Array [
                Object {
                  "text": "a",
                  "type": "text",
                },
              ],
              "type": "paragraph",
            },
          ],
          "type": "listItem",
        },
        Object {
          "content": Array [
            Object {
              "content": Array [
                Object {
                  "text": "numbered",
                  "type": "text",
                },
              ],
              "type": "paragraph",
            },
            Object {
              "content": Array [
                Object {
                  "content": Array [
                    Object {
                      "content": Array [
                        Object {
                          "text": "with",
                          "type": "text",
                        },
                      ],
                      "type": "paragraph",
                    },
                  ],
                  "type": "listItem",
                },
                Object {
                  "content": Array [
                    Object {
                      "content": Array [
                        Object {
                          "text": "nested",
                          "type": "text",
                        },
                      ],
                      "type": "paragraph",
                    },
                  ],
                  "type": "listItem",
                },
                Object {
                  "content": Array [
                    Object {
                      "content": Array [
                        Object {
                          "text": "bullet",
                          "type": "text",
                        },
                      ],
                      "type": "paragraph",
                    },
                  ],
                  "type": "listItem",
                },
              ],
              "type": "bulletList",
            },
          ],
          "type": "listItem",
        },
        Object {
          "content": Array [
            Object {
              "content": Array [
                Object {
                  "text": "list",
                  "type": "text",
                },
              ],
              "type": "paragraph",
            },
          ],
          "type": "listItem",
        },
      ],
      "type": "orderedList",
    },
  ],
  "type": "doc",
}
`;

exports[`JIRA wiki markup - Lists should find mixed unordered -> ordered lists 1`] = `
Object {
  "content": Array [
    Object {
      "content": Array [
        Object {
          "content": Array [
            Object {
              "content": Array [
                Object {
                  "text": "a",
                  "type": "text",
                },
              ],
              "type": "paragraph",
            },
          ],
          "type": "listItem",
        },
        Object {
          "content": Array [
            Object {
              "content": Array [
                Object {
                  "text": "bulleted",
                  "type": "text",
                },
              ],
              "type": "paragraph",
            },
            Object {
              "content": Array [
                Object {
                  "content": Array [
                    Object {
                      "content": Array [
                        Object {
                          "text": "with",
                          "type": "text",
                        },
                      ],
                      "type": "paragraph",
                    },
                  ],
                  "type": "listItem",
                },
                Object {
                  "content": Array [
                    Object {
                      "content": Array [
                        Object {
                          "text": "nested",
                          "type": "text",
                        },
                      ],
                      "type": "paragraph",
                    },
                  ],
                  "type": "listItem",
                },
                Object {
                  "content": Array [
                    Object {
                      "content": Array [
                        Object {
                          "text": "numbered",
                          "type": "text",
                        },
                      ],
                      "type": "paragraph",
                    },
                  ],
                  "type": "listItem",
                },
              ],
              "type": "orderedList",
            },
          ],
          "type": "listItem",
        },
        Object {
          "content": Array [
            Object {
              "content": Array [
                Object {
                  "text": "list",
                  "type": "text",
                },
              ],
              "type": "paragraph",
            },
          ],
          "type": "listItem",
        },
      ],
      "type": "bulletList",
    },
  ],
  "type": "doc",
}
`;

exports[`JIRA wiki markup - Lists should find ordered lists 1`] = `
Object {
  "content": Array [
    Object {
      "content": Array [
        Object {
          "content": Array [
            Object {
              "content": Array [
                Object {
                  "text": "a",
                  "type": "text",
                },
              ],
              "type": "paragraph",
            },
          ],
          "type": "listItem",
        },
        Object {
          "content": Array [
            Object {
              "content": Array [
                Object {
                  "text": "numbered",
                  "type": "text",
                },
              ],
              "type": "paragraph",
            },
          ],
          "type": "listItem",
        },
        Object {
          "content": Array [
            Object {
              "content": Array [
                Object {
                  "text": "list",
                  "type": "text",
                },
              ],
              "type": "paragraph",
            },
          ],
          "type": "listItem",
        },
      ],
      "type": "orderedList",
    },
  ],
  "type": "doc",
}
`;

exports[`JIRA wiki markup - Lists should find unordered lists where items start with * 1`] = `
Object {
  "content": Array [
    Object {
      "content": Array [
        Object {
          "content": Array [
            Object {
              "content": Array [
                Object {
                  "text": "some",
                  "type": "text",
                },
              ],
              "type": "paragraph",
            },
          ],
          "type": "listItem",
        },
        Object {
          "content": Array [
            Object {
              "content": Array [
                Object {
                  "text": "bullet",
                  "type": "text",
                },
              ],
              "type": "paragraph",
            },
            Object {
              "content": Array [
                Object {
                  "content": Array [
                    Object {
                      "content": Array [
                        Object {
                          "marks": Array [
                            Object {
                              "type": "strong",
                            },
                          ],
                          "text": "indented",
                          "type": "text",
                        },
                      ],
                      "type": "paragraph",
                    },
                  ],
                  "type": "listItem",
                },
                Object {
                  "content": Array [
                    Object {
                      "content": Array [
                        Object {
                          "text": "bullets",
                          "type": "text",
                        },
                      ],
                      "type": "paragraph",
                    },
                  ],
                  "type": "listItem",
                },
              ],
              "type": "bulletList",
            },
          ],
          "type": "listItem",
        },
        Object {
          "content": Array [
            Object {
              "content": Array [
                Object {
                  "text": "points",
                  "type": "text",
                },
              ],
              "type": "paragraph",
            },
          ],
          "type": "listItem",
        },
      ],
      "type": "bulletList",
    },
  ],
  "type": "doc",
}
`;

exports[`JIRA wiki markup - Lists should find unordered lists where items start with - 1`] = `
Object {
  "content": Array [
    Object {
      "content": Array [
        Object {
          "content": Array [
            Object {
              "content": Array [
                Object {
                  "text": "different",
                  "type": "text",
                },
              ],
              "type": "paragraph",
            },
          ],
          "type": "listItem",
        },
        Object {
          "content": Array [
            Object {
              "content": Array [
                Object {
                  "text": "bullet",
                  "type": "text",
                },
              ],
              "type": "paragraph",
            },
          ],
          "type": "listItem",
        },
        Object {
          "content": Array [
            Object {
              "content": Array [
                Object {
                  "text": "types",
                  "type": "text",
                },
              ],
              "type": "paragraph",
            },
          ],
          "type": "listItem",
        },
      ],
      "type": "bulletList",
    },
  ],
  "type": "doc",
}
`;

exports[`JIRA wiki markup - Lists should not fail for multiple lists 1`] = `
Object {
  "content": Array [
    Object {
      "content": Array [
        Object {
          "text": "Steps to reproduce:",
          "type": "text",
        },
      ],
      "type": "paragraph",
    },
    Object {
      "content": Array [
        Object {
          "content": Array [
            Object {
              "content": Array [
                Object {
                  "text": "Type something",
                  "type": "text",
                },
              ],
              "type": "paragraph",
            },
          ],
          "type": "listItem",
        },
        Object {
          "content": Array [
            Object {
              "content": Array [
                Object {
                  "text": "Type @",
                  "type": "text",
                },
              ],
              "type": "paragraph",
            },
          ],
          "type": "listItem",
        },
        Object {
          "content": Array [
            Object {
              "content": Array [
                Object {
                  "text": "Type few letters",
                  "type": "text",
                },
              ],
              "type": "paragraph",
            },
          ],
          "type": "listItem",
        },
        Object {
          "content": Array [
            Object {
              "content": Array [
                Object {
                  "text": "mention mark disappears ",
                  "type": "text",
                },
              ],
              "type": "paragraph",
            },
          ],
          "type": "listItem",
        },
      ],
      "type": "bulletList",
    },
    Object {
      "content": Array [
        Object {
          "text": "Expected:",
          "type": "text",
        },
      ],
      "type": "paragraph",
    },
    Object {
      "content": Array [
        Object {
          "content": Array [
            Object {
              "content": Array [
                Object {
                  "text": "Mention mark doesn't disappear",
                  "type": "text",
                },
              ],
              "type": "paragraph",
            },
          ],
          "type": "listItem",
        },
      ],
      "type": "bulletList",
    },
  ],
  "type": "doc",
}
`;

exports[`JIRA wiki markup - Lists should use mediaSingle nodes 1`] = `
Object {
  "content": Array [
    Object {
      "content": Array [
        Object {
          "content": Array [
            Object {
              "attrs": Object {
                "layout": "center",
              },
              "content": Array [
                Object {
                  "attrs": Object {
                    "__displayType": null,
                    "__fileMimeType": null,
                    "__fileName": null,
                    "__fileSize": null,
                    "__key": null,
                    "collection": "",
                    "height": 183,
                    "id": "attached-image.gif",
                    "occurrenceKey": null,
                    "type": "file",
                    "url": null,
                    "width": 200,
                  },
                  "type": "media",
                },
              ],
              "type": "mediaSingle",
            },
          ],
          "type": "listItem",
        },
      ],
      "type": "bulletList",
    },
  ],
  "type": "doc",
}
`;
