// Jest Snapshot v1, https://goo.gl/fbAQLP

exports[`Mention: user can navigate picker using keyboard 1`] = `
Object {
  "content": Array [
    Object {
      "content": Array [
        Object {
          "attrs": Object {
            "accessLevel": "",
            "id": "1",
            "text": "@Kaitlyn Prouty",
            "userType": null,
          },
          "type": "mention",
        },
        Object {
          "text": " ",
          "type": "text",
        },
      ],
      "type": "paragraph",
    },
  ],
  "type": "doc",
}
`;

exports[`Mention: user can see mention inside action 1`] = `
Object {
  "content": Array [
    Object {
      "attrs": Object {
        "localId": "abc-123",
      },
      "content": Array [
        Object {
          "attrs": Object {
            "localId": "abc-123",
            "state": "TODO",
          },
          "content": Array [
            Object {
              "attrs": Object {
                "accessLevel": "",
                "id": "0",
                "text": "@Carolyn",
                "userType": null,
              },
              "type": "mention",
            },
            Object {
              "text": " ",
              "type": "text",
            },
          ],
          "type": "taskItem",
        },
      ],
      "type": "taskList",
    },
  ],
  "type": "doc",
}
`;

exports[`Mention: user can see mention inside blockquote 1`] = `
Object {
  "content": Array [
    Object {
      "content": Array [
        Object {
          "content": Array [
            Object {
              "text": "this is inside blockquote ",
              "type": "text",
            },
            Object {
              "attrs": Object {
                "accessLevel": "",
                "id": "0",
                "text": "@Carolyn",
                "userType": null,
              },
              "type": "mention",
            },
            Object {
              "text": " ",
              "type": "text",
            },
          ],
          "type": "paragraph",
        },
      ],
      "type": "blockquote",
    },
  ],
  "type": "doc",
}
`;

exports[`Mention: user can see mention inside bulletList 1`] = `
Object {
  "content": Array [
    Object {
      "content": Array [
        Object {
          "content": Array [
            Object {
              "content": Array [
                Object {
                  "text": "this is inside list ",
                  "type": "text",
                },
                Object {
                  "attrs": Object {
                    "accessLevel": "",
                    "id": "0",
                    "text": "@Carolyn",
                    "userType": null,
                  },
                  "type": "mention",
                },
                Object {
                  "text": " ",
                  "type": "text",
                },
              ],
              "type": "paragraph",
            },
          ],
          "type": "listItem",
        },
      ],
      "type": "bulletList",
    },
  ],
  "type": "doc",
}
`;

exports[`Mention: user can see mention inside decision 1`] = `
Object {
  "content": Array [
    Object {
      "attrs": Object {
        "localId": "abc-123",
      },
      "content": Array [
        Object {
          "attrs": Object {
            "localId": "abc-123",
            "state": "DECIDED",
          },
          "content": Array [
            Object {
              "attrs": Object {
                "accessLevel": "",
                "id": "0",
                "text": "@Carolyn",
                "userType": null,
              },
              "type": "mention",
            },
            Object {
              "text": " ",
              "type": "text",
            },
          ],
          "type": "decisionItem",
        },
      ],
      "type": "decisionList",
    },
  ],
  "type": "doc",
}
`;

exports[`Mention: user can see mention inside orderedList 1`] = `
Object {
  "content": Array [
    Object {
      "content": Array [
        Object {
          "content": Array [
            Object {
              "content": Array [
                Object {
                  "text": "this is inside list ",
                  "type": "text",
                },
                Object {
                  "attrs": Object {
                    "accessLevel": "",
                    "id": "0",
                    "text": "@Carolyn",
                    "userType": null,
                  },
                  "type": "mention",
                },
                Object {
                  "text": " ",
                  "type": "text",
                },
              ],
              "type": "paragraph",
            },
          ],
          "type": "listItem",
        },
      ],
      "type": "orderedList",
    },
  ],
  "type": "doc",
}
`;
