// Jest Snapshot v1, https://goo.gl/fbAQLP

exports[`auto-size.ts: Doesnt scale past default 1`] = `
Object {
  "content": Array [
    Object {
      "attrs": Object {
        "__autoSize": false,
        "isNumberColumnEnabled": false,
        "layout": "default",
      },
      "content": Array [
        Object {
          "content": Array [
            Object {
              "attrs": Object {
                "background": null,
                "colspan": 1,
                "colwidth": Array [
                  191,
                ],
                "rowspan": 1,
              },
              "content": Array [
                Object {
                  "content": Array [
                    Object {
                      "text": "Lorem ipsum dolor sit amet",
                      "type": "text",
                    },
                  ],
                  "type": "paragraph",
                },
              ],
              "type": "tableHeader",
            },
            Object {
              "attrs": Object {
                "background": null,
                "colspan": 1,
                "colwidth": Array [
                  71,
                ],
                "rowspan": 1,
              },
              "content": Array [
                Object {
                  "type": "paragraph",
                },
              ],
              "type": "tableHeader",
            },
            Object {
              "attrs": Object {
                "background": null,
                "colspan": 1,
                "colwidth": Array [
                  191,
                ],
                "rowspan": 1,
              },
              "content": Array [
                Object {
                  "content": Array [
                    Object {
                      "text": "Lorem ipsum dolor sit amet",
                      "type": "text",
                    },
                  ],
                  "type": "paragraph",
                },
              ],
              "type": "tableHeader",
            },
          ],
          "type": "tableRow",
        },
        Object {
          "content": Array [
            Object {
              "attrs": Object {
                "background": null,
                "colspan": 1,
                "colwidth": Array [
                  191,
                ],
                "rowspan": 1,
              },
              "content": Array [
                Object {
                  "type": "paragraph",
                },
              ],
              "type": "tableCell",
            },
            Object {
              "attrs": Object {
                "background": null,
                "colspan": 1,
                "colwidth": Array [
                  71,
                ],
                "rowspan": 1,
              },
              "content": Array [
                Object {
                  "attrs": Object {
                    "panelType": "error",
                  },
                  "content": Array [
                    Object {
                      "content": Array [
                        Object {
                          "text": "foo",
                          "type": "text",
                        },
                      ],
                      "type": "paragraph",
                    },
                  ],
                  "type": "panel",
                },
              ],
              "type": "tableCell",
            },
            Object {
              "attrs": Object {
                "background": null,
                "colspan": 1,
                "colwidth": Array [
                  191,
                ],
                "rowspan": 1,
              },
              "content": Array [
                Object {
                  "type": "paragraph",
                },
              ],
              "type": "tableCell",
            },
          ],
          "type": "tableRow",
        },
        Object {
          "content": Array [
            Object {
              "attrs": Object {
                "background": null,
                "colspan": 1,
                "colwidth": Array [
                  191,
                ],
                "rowspan": 1,
              },
              "content": Array [
                Object {
                  "type": "paragraph",
                },
              ],
              "type": "tableCell",
            },
            Object {
              "attrs": Object {
                "background": null,
                "colspan": 1,
                "colwidth": Array [
                  71,
                ],
                "rowspan": 1,
              },
              "content": Array [
                Object {
                  "type": "paragraph",
                },
              ],
              "type": "tableCell",
            },
            Object {
              "attrs": Object {
                "background": null,
                "colspan": 1,
                "colwidth": Array [
                  191,
                ],
                "rowspan": 1,
              },
              "content": Array [
                Object {
                  "type": "paragraph",
                },
              ],
              "type": "tableCell",
            },
          ],
          "type": "tableRow",
        },
      ],
      "type": "table",
    },
  ],
  "type": "doc",
}
`;

exports[`auto-size.ts: Scales to full-width 1`] = `
Object {
  "content": Array [
    Object {
      "attrs": Object {
        "__autoSize": false,
        "isNumberColumnEnabled": false,
        "layout": "full-width",
      },
      "content": Array [
        Object {
          "content": Array [
            Object {
              "attrs": Object {
                "background": null,
                "colspan": 1,
                "colwidth": Array [
                  3762,
                ],
                "rowspan": 1,
              },
              "content": Array [
                Object {
                  "content": Array [
                    Object {
                      "text": "Lorem ipsum dolor sit amet, consectetur adipiscing elit. Aenean mi nisl, venenatis eget auctor vitae, venenatis quis lorem. Suspendisse maximus tortor vel dui tincidunt cursus. Vestibulum magna nibh, auctor non auctor id, finibus vitae orci. Nulla viverra ipsum et nunc fringilla ultricies. Pellentesque vitae felis molestie justo finibus accumsan. Suspendisse potenti. Nulla facilisi. Integer dignissim quis velit quis elementum. Sed sit amet varius ante. Duis vestibulum porta augue eu laoreet. Morbi id risus et augue sollicitudin aliquam. In et ligula dolor. Nam ac aliquet diam.",
                      "type": "text",
                    },
                  ],
                  "type": "paragraph",
                },
              ],
              "type": "tableHeader",
            },
            Object {
              "attrs": Object {
                "background": null,
                "colspan": 1,
                "colwidth": Array [
                  3506,
                ],
                "rowspan": 1,
              },
              "content": Array [
                Object {
                  "type": "paragraph",
                },
              ],
              "type": "tableHeader",
            },
            Object {
              "attrs": Object {
                "background": null,
                "colspan": 1,
                "colwidth": Array [
                  3506,
                ],
                "rowspan": 1,
              },
              "content": Array [
                Object {
                  "type": "paragraph",
                },
              ],
              "type": "tableHeader",
            },
          ],
          "type": "tableRow",
        },
        Object {
          "content": Array [
            Object {
              "attrs": Object {
                "background": null,
                "colspan": 1,
                "colwidth": Array [
                  3762,
                ],
                "rowspan": 1,
              },
              "content": Array [
                Object {
                  "type": "paragraph",
                },
              ],
              "type": "tableCell",
            },
            Object {
              "attrs": Object {
                "background": null,
                "colspan": 1,
                "colwidth": Array [
                  3506,
                ],
                "rowspan": 1,
              },
              "content": Array [
                Object {
                  "content": Array [
                    Object {
                      "text": "Lorem ipsum dolor sit amet, consectetur adipiscing elit. Aenean mi nisl, venenatis eget auctor vitae, venenatis quis lorem. Suspendisse maximus tortor vel dui tincidunt cursus. Vestibulum magna nibh, auctor non auctor id, finibus vitae orci. Nulla viverra ipsum et nunc fringilla ultricies. Pellentesque vitae felis molestie justo finibus accumsan. Suspendisse potenti. Nulla facilisi. Integer dignissim quis velit quis elementum. Sed sit amet varius ante. Duis vestibulum porta augue eu laoreet. Morbi id risus et augue sollicitudin aliquam. In et ligula dolor. Nam ac aliquet diam.",
                      "type": "text",
                    },
                  ],
                  "type": "paragraph",
                },
              ],
              "type": "tableCell",
            },
            Object {
              "attrs": Object {
                "background": null,
                "colspan": 1,
                "colwidth": Array [
                  3506,
                ],
                "rowspan": 1,
              },
              "content": Array [
                Object {
                  "type": "paragraph",
                },
              ],
              "type": "tableCell",
            },
          ],
          "type": "tableRow",
        },
        Object {
          "content": Array [
            Object {
              "attrs": Object {
                "background": null,
                "colspan": 1,
                "colwidth": Array [
                  3762,
                ],
                "rowspan": 1,
              },
              "content": Array [
                Object {
                  "type": "paragraph",
                },
              ],
              "type": "tableCell",
            },
            Object {
              "attrs": Object {
                "background": null,
                "colspan": 1,
                "colwidth": Array [
                  3506,
                ],
                "rowspan": 1,
              },
              "content": Array [
                Object {
                  "type": "paragraph",
                },
              ],
              "type": "tableCell",
            },
            Object {
              "attrs": Object {
                "background": null,
                "colspan": 1,
                "colwidth": Array [
                  3506,
                ],
                "rowspan": 1,
              },
              "content": Array [
                Object {
                  "content": Array [
                    Object {
                      "text": "Lorem ipsum dolor sit amet, consectetur adipiscing elit. Aenean mi nisl, venenatis eget auctor vitae, venenatis quis lorem. Suspendisse maximus tortor vel dui tincidunt cursus. Vestibulum magna nibh, auctor non auctor id, finibus vitae orci. Nulla viverra ipsum et nunc fringilla ultricies. Pellentesque vitae felis molestie justo finibus accumsan. Suspendisse potenti. Nulla facilisi. Integer dignissim quis velit quis elementum. Sed sit amet varius ante. Duis vestibulum porta augue eu laoreet. Morbi id risus et augue sollicitudin aliquam. In et ligula dolor. Nam ac aliquet diam.",
                      "type": "text",
                    },
                  ],
                  "type": "paragraph",
                },
              ],
              "type": "tableCell",
            },
          ],
          "type": "tableRow",
        },
      ],
      "type": "table",
    },
  ],
  "type": "doc",
}
`;

exports[`auto-size.ts: Scales to wide 1`] = `
Object {
  "content": Array [
    Object {
      "attrs": Object {
        "__autoSize": false,
        "isNumberColumnEnabled": false,
        "layout": "wide",
      },
      "content": Array [
        Object {
          "content": Array [
            Object {
              "attrs": Object {
                "background": null,
                "colspan": 1,
                "colwidth": Array [
                  375,
                ],
                "rowspan": 1,
              },
              "content": Array [
                Object {
                  "content": Array [
                    Object {
                      "text": "Lorem ipsum dolor sit amet, consectetur adipiscing elit.",
                      "type": "text",
                    },
                  ],
                  "type": "paragraph",
                },
              ],
              "type": "tableHeader",
            },
            Object {
              "attrs": Object {
                "background": null,
                "colspan": 1,
                "colwidth": Array [
                  71,
                ],
                "rowspan": 1,
              },
              "content": Array [
                Object {
                  "type": "paragraph",
                },
              ],
              "type": "tableHeader",
            },
            Object {
              "attrs": Object {
                "background": null,
                "colspan": 1,
                "colwidth": Array [
                  375,
                ],
                "rowspan": 1,
              },
              "content": Array [
                Object {
                  "content": Array [
                    Object {
                      "text": "Lorem ipsum dolor sit amet, consectetur adipiscing elit.",
                      "type": "text",
                    },
                  ],
                  "type": "paragraph",
                },
              ],
              "type": "tableHeader",
            },
          ],
          "type": "tableRow",
        },
        Object {
          "content": Array [
            Object {
              "attrs": Object {
                "background": null,
                "colspan": 1,
                "colwidth": Array [
                  375,
                ],
                "rowspan": 1,
              },
              "content": Array [
                Object {
                  "type": "paragraph",
                },
              ],
              "type": "tableCell",
            },
            Object {
              "attrs": Object {
                "background": null,
                "colspan": 1,
                "colwidth": Array [
                  71,
                ],
                "rowspan": 1,
              },
              "content": Array [
                Object {
                  "attrs": Object {
                    "panelType": "error",
                  },
                  "content": Array [
                    Object {
                      "content": Array [
                        Object {
                          "text": "foo",
                          "type": "text",
                        },
                      ],
                      "type": "paragraph",
                    },
                  ],
                  "type": "panel",
                },
              ],
              "type": "tableCell",
            },
            Object {
              "attrs": Object {
                "background": null,
                "colspan": 1,
                "colwidth": Array [
                  375,
                ],
                "rowspan": 1,
              },
              "content": Array [
                Object {
                  "type": "paragraph",
                },
              ],
              "type": "tableCell",
            },
          ],
          "type": "tableRow",
        },
        Object {
          "content": Array [
            Object {
              "attrs": Object {
                "background": null,
                "colspan": 1,
                "colwidth": Array [
                  375,
                ],
                "rowspan": 1,
              },
              "content": Array [
                Object {
                  "type": "paragraph",
                },
              ],
              "type": "tableCell",
            },
            Object {
              "attrs": Object {
                "background": null,
                "colspan": 1,
                "colwidth": Array [
                  71,
                ],
                "rowspan": 1,
              },
              "content": Array [
                Object {
                  "type": "paragraph",
                },
              ],
              "type": "tableCell",
            },
            Object {
              "attrs": Object {
                "background": null,
                "colspan": 1,
                "colwidth": Array [
                  375,
                ],
                "rowspan": 1,
              },
              "content": Array [
                Object {
                  "type": "paragraph",
                },
              ],
              "type": "tableCell",
            },
          ],
          "type": "tableRow",
        },
      ],
      "type": "table",
    },
  ],
  "type": "doc",
}
`;
