// Jest Snapshot v1, https://goo.gl/fbAQLP

exports[`insert-link.ts: Insert link in panel by typing Markdown 1`] = `
Object {
  "content": Array [
    Object {
      "attrs": Object {
        "panelType": "info",
      },
      "content": Array [
        Object {
          "content": Array [
            Object {
              "marks": Array [
                Object {
                  "attrs": Object {
                    "__confluenceMetadata": null,
                    "href": "https://www.atlassian.com/",
                  },
                  "type": "link",
                },
              ],
              "text": "Atlassian",
              "type": "text",
            },
          ],
          "type": "paragraph",
        },
      ],
      "type": "panel",
    },
  ],
  "type": "doc",
}
`;
