// Jest Snapshot v1, https://goo.gl/fbAQLP

exports[`@atlaskit/icon Icon should match the DOM Snapshot 1`] = `
.c0 {
  color: currentColor;
  display: inline-block;
  fill: #FFFFFF;
  -webkit-flex-shrink: 0;
  -ms-flex-negative: 0;
  flex-shrink: 0;
  line-height: 1;
}

.c0 > svg {
  max-height: 100%;
  max-width: 100%;
  overflow: hidden;
  pointer-events: none;
  vertical-align: bottom;
}

.c0 stop {
  stop-color: currentColor;
}

<Icon
  glyph={[Function]}
  label="My icon"
  onClick={[Function]}
>
  <styled.span
    aria-label="My icon"
    onClick={[Function]}
  >
    <span
      aria-label="My icon"
      className="c0"
      onClick={[Function]}
    >
      <empty
        role="presentation"
      >
        <div>
          Icon
        </div>
      </empty>
    </span>
  </styled.span>
</Icon>
`;
