// Jest Snapshot v1, https://goo.gl/fbAQLP

exports[`text-color.ts: Can change text color 1`] = `
Object {
  "content": Array [
    Object {
      "content": Array [
        Object {
          "text": "Normal Text",
          "type": "text",
        },
        Object {
          "marks": Array [
            Object {
              "attrs": Object {
                "color": "#008DA6",
              },
              "type": "textColor",
            },
          ],
          "text": "Colorful text",
          "type": "text",
        },
      ],
      "type": "paragraph",
    },
  ],
  "type": "doc",
}
`;
