// Jest Snapshot v1, https://goo.gl/fbAQLP

exports[`type-ahead.ts: Replaces typeahead mark on insert 1`] = `
Object {
  "content": Array [
    Object {
      "content": Array [
        Object {
          "attrs": Object {
            "accessLevel": "",
            "id": "123",
            "text": "@Freddy",
            "userType": null,
          },
          "type": "mention",
        },
        Object {
          "text": " ",
          "type": "text",
        },
      ],
      "type": "paragraph",
    },
  ],
  "type": "doc",
}
`;
