// Jest Snapshot v1, https://goo.gl/fbAQLP

exports[`bodied-insert-3.ts: Bodied Extension: Insert Media 1`] = `
Object {
  "content": Array [
    Object {
      "attrs": Object {
        "extensionKey": "bodied-eh",
        "extensionType": "com.atlassian.confluence.macro.core",
        "layout": "default",
        "parameters": Object {
          "macroMetadata": Object {
            "placeholder": Array [
              Object {
                "data": Object {
                  "url": "",
                },
                "type": "icon",
              },
            ],
          },
          "macroParams": Object {},
        },
        "text": null,
      },
      "content": Array [
        Object {
          "attrs": Object {
            "layout": "center",
            "width": null,
          },
          "content": Array [
            Object {
              "attrs": Object {
                "__displayType": null,
                "__fileMimeType": "image/svg+xml",
                "__fileName": "example.png",
                "__fileSize": 235,
                "__key": "1234-5678-abcd-efgh",
                "collection": "MediaServicesSample",
                "height": 4096,
                "id": "1234-5678-abcd-efgh",
                "occurrenceKey": null,
                "type": "file",
                "url": null,
                "width": 4096,
              },
              "type": "media",
            },
          ],
          "type": "mediaSingle",
        },
        Object {
          "type": "paragraph",
        },
      ],
      "type": "bodiedExtension",
    },
  ],
  "type": "doc",
}
`;
