// Jest Snapshot v1, https://goo.gl/fbAQLP

exports[`emoji.ts: Insert an emoji, then a mention, move to right before the emoji and try to add text between both 1`] = `
Object {
  "content": Array [
    Object {
      "content": Array [
        Object {
          "attrs": Object {
            "id": "1f600",
            "shortName": ":grinning:",
            "text": "ðŸ˜€",
          },
          "type": "emoji",
        },
        Object {
          "text": " Some text",
          "type": "text",
        },
        Object {
          "attrs": Object {
            "id": "1f600",
            "shortName": ":grinning:",
            "text": "ðŸ˜€",
          },
          "type": "emoji",
        },
        Object {
          "text": " Some text",
          "type": "text",
        },
        Object {
          "attrs": Object {
            "accessLevel": "",
            "id": "0",
            "text": "@Carolyn",
            "userType": null,
          },
          "type": "mention",
        },
        Object {
          "text": " Some text",
          "type": "text",
        },
      ],
      "type": "paragraph",
    },
  ],
  "type": "doc",
}
`;
