// Jest Snapshot v1, https://goo.gl/fbAQLP

exports[`WikiMarkup => ADF Formatters - citation should detect citation mark and ignoring the invalid closing symbol 1`] = `
Object {
  "content": Array [
    Object {
      "content": Array [
        Object {
          "text": "This is a ",
          "type": "text",
        },
        Object {
          "marks": Array [
            Object {
              "type": "em",
            },
          ],
          "text": "-- citation??citation",
          "type": "text",
        },
        Object {
          "text": " text",
          "type": "text",
        },
      ],
      "type": "paragraph",
    },
  ],
  "type": "doc",
}
`;

exports[`WikiMarkup => ADF Formatters - citation should detect citation mark at beginning of the line 1`] = `
Object {
  "content": Array [
    Object {
      "content": Array [
        Object {
          "marks": Array [
            Object {
              "type": "em",
            },
          ],
          "text": "-- citation",
          "type": "text",
        },
        Object {
          "text": " text",
          "type": "text",
        },
      ],
      "type": "paragraph",
    },
  ],
  "type": "doc",
}
`;

exports[`WikiMarkup => ADF Formatters - citation should detect citation mark at end of the input 1`] = `
Object {
  "content": Array [
    Object {
      "content": Array [
        Object {
          "text": "This is a ",
          "type": "text",
        },
        Object {
          "marks": Array [
            Object {
              "type": "em",
            },
          ],
          "text": "-- citation",
          "type": "text",
        },
      ],
      "type": "paragraph",
    },
  ],
  "type": "doc",
}
`;

exports[`WikiMarkup => ADF Formatters - citation should detect citation mark at end of the line 1`] = `
Object {
  "content": Array [
    Object {
      "content": Array [
        Object {
          "text": "This is a ",
          "type": "text",
        },
        Object {
          "marks": Array [
            Object {
              "type": "em",
            },
          ],
          "text": "-- citation",
          "type": "text",
        },
        Object {
          "type": "hardBreak",
        },
        Object {
          "text": "another line",
          "type": "text",
        },
      ],
      "type": "paragraph",
    },
  ],
  "type": "doc",
}
`;

exports[`WikiMarkup => ADF Formatters - citation should detect citation mark at in between of the line 1`] = `
Object {
  "content": Array [
    Object {
      "content": Array [
        Object {
          "text": "This is a ",
          "type": "text",
        },
        Object {
          "marks": Array [
            Object {
              "type": "em",
            },
          ],
          "text": "-- citation",
          "type": "text",
        },
        Object {
          "text": " text",
          "type": "text",
        },
      ],
      "type": "paragraph",
    },
  ],
  "type": "doc",
}
`;

exports[`WikiMarkup => ADF Formatters - citation should detect citation mark surrounded by non alphanumeric characters 1`] = `
Object {
  "content": Array [
    Object {
      "content": Array [
        Object {
          "text": "This is a (",
          "type": "text",
        },
        Object {
          "marks": Array [
            Object {
              "type": "em",
            },
          ],
          "text": "-- citation",
          "type": "text",
        },
        Object {
          "text": ") text",
          "type": "text",
        },
      ],
      "type": "paragraph",
    },
  ],
  "type": "doc",
}
`;

exports[`WikiMarkup => ADF Formatters - citation should not be a citation mark if there is a space after opening ?? 1`] = `
Object {
  "content": Array [
    Object {
      "content": Array [
        Object {
          "text": "This is not a ?? citation?? text",
          "type": "text",
        },
      ],
      "type": "paragraph",
    },
  ],
  "type": "doc",
}
`;

exports[`WikiMarkup => ADF Formatters - citation should not be a citation mark if there is a space before closing ?? 1`] = `
Object {
  "content": Array [
    Object {
      "content": Array [
        Object {
          "text": "This is not a ??citation ?? text",
          "type": "text",
        },
      ],
      "type": "paragraph",
    },
  ],
  "type": "doc",
}
`;

exports[`WikiMarkup => ADF Formatters - citation should not be a citation mark if there is no space before ?? 1`] = `
Object {
  "content": Array [
    Object {
      "content": Array [
        Object {
          "text": "This is not a??citation?? text",
          "type": "text",
        },
      ],
      "type": "paragraph",
    },
  ],
  "type": "doc",
}
`;

exports[`WikiMarkup => ADF Formatters - citation should not be a citation mark if there is not a space after closing ?? 1`] = `
Object {
  "content": Array [
    Object {
      "content": Array [
        Object {
          "text": "This is not a ??citation??text",
          "type": "text",
        },
      ],
      "type": "paragraph",
    },
  ],
  "type": "doc",
}
`;

exports[`WikiMarkup => ADF Formatters - citation should not be a citation mark surrounded by non-latin characters 1`] = `
Object {
  "content": Array [
    Object {
      "content": Array [
        Object {
          "text": "This is not a 牛??citation??牛 text",
          "type": "text",
        },
      ],
      "type": "paragraph",
    },
  ],
  "type": "doc",
}
`;
