// Jest Snapshot v1, https://goo.gl/fbAQLP

exports[`WikiMarkup => ADF Formatters - Strong should detect strong mark at beginning of the line 1`] = `
Object {
  "content": Array [
    Object {
      "content": Array [
        Object {
          "marks": Array [
            Object {
              "type": "strong",
            },
          ],
          "text": "strong",
          "type": "text",
        },
        Object {
          "text": " text",
          "type": "text",
        },
      ],
      "type": "paragraph",
    },
  ],
  "type": "doc",
}
`;

exports[`WikiMarkup => ADF Formatters - Strong should detect strong mark at end of the input 1`] = `
Object {
  "content": Array [
    Object {
      "content": Array [
        Object {
          "text": "This is a ",
          "type": "text",
        },
        Object {
          "marks": Array [
            Object {
              "type": "strong",
            },
          ],
          "text": "strong",
          "type": "text",
        },
      ],
      "type": "paragraph",
    },
  ],
  "type": "doc",
}
`;

exports[`WikiMarkup => ADF Formatters - Strong should detect strong mark at end of the line 1`] = `
Object {
  "content": Array [
    Object {
      "content": Array [
        Object {
          "text": "This is a ",
          "type": "text",
        },
        Object {
          "marks": Array [
            Object {
              "type": "strong",
            },
          ],
          "text": "strong",
          "type": "text",
        },
        Object {
          "type": "hardBreak",
        },
        Object {
          "text": "another line",
          "type": "text",
        },
      ],
      "type": "paragraph",
    },
  ],
  "type": "doc",
}
`;

exports[`WikiMarkup => ADF Formatters - Strong should detect strong mark at in between of the line 1`] = `
Object {
  "content": Array [
    Object {
      "content": Array [
        Object {
          "text": "This is a ",
          "type": "text",
        },
        Object {
          "marks": Array [
            Object {
              "type": "strong",
            },
          ],
          "text": "strong",
          "type": "text",
        },
        Object {
          "text": " text",
          "type": "text",
        },
      ],
      "type": "paragraph",
    },
  ],
  "type": "doc",
}
`;

exports[`WikiMarkup => ADF Formatters - Strong should not be a strong mark if there is a space after opening * 1`] = `
Object {
  "content": Array [
    Object {
      "content": Array [
        Object {
          "text": "This is not a * strong* text",
          "type": "text",
        },
      ],
      "type": "paragraph",
    },
  ],
  "type": "doc",
}
`;

exports[`WikiMarkup => ADF Formatters - Strong should not be a strong mark if there is a space before closing * 1`] = `
Object {
  "content": Array [
    Object {
      "content": Array [
        Object {
          "text": "This is not a *strong * text",
          "type": "text",
        },
      ],
      "type": "paragraph",
    },
  ],
  "type": "doc",
}
`;

exports[`WikiMarkup => ADF Formatters - Strong should not be a strong mark if there is no space before * 1`] = `
Object {
  "content": Array [
    Object {
      "content": Array [
        Object {
          "text": "This is not a*strong* text",
          "type": "text",
        },
      ],
      "type": "paragraph",
    },
  ],
  "type": "doc",
}
`;

exports[`WikiMarkup => ADF Formatters - Strong should not be a strong mark if there is not a space after closing * 1`] = `
Object {
  "content": Array [
    Object {
      "content": Array [
        Object {
          "text": "This is not a *strong*text",
          "type": "text",
        },
      ],
      "type": "paragraph",
    },
  ],
  "type": "doc",
}
`;
