// Jest Snapshot v1, https://goo.gl/fbAQLP

exports[`hyperlink-markdown: Link - entering link markdown comment editor 1`] = `
Object {
  "content": Array [
    Object {
      "content": Array [
        Object {
          "marks": Array [
            Object {
              "attrs": Object {
                "__confluenceMetadata": null,
                "href": "https://hello.com",
              },
              "type": "link",
            },
          ],
          "text": "link",
          "type": "text",
        },
      ],
      "type": "paragraph",
    },
  ],
  "type": "doc",
}
`;

exports[`hyperlink-markdown: Link - entering link markdown fullpage editor 1`] = `
Object {
  "content": Array [
    Object {
      "content": Array [
        Object {
          "marks": Array [
            Object {
              "attrs": Object {
                "__confluenceMetadata": null,
                "href": "https://hello.com",
              },
              "type": "link",
            },
          ],
          "text": "link",
          "type": "text",
        },
      ],
      "type": "paragraph",
    },
  ],
  "type": "doc",
}
`;
